<html>
<body>
<pre>
<h1>µVision Build Log</h1>
<h2>Tool Versions:</h2>
IDE-Version: µVision V5.26.2.0
Copyright (C) 2018 ARM Ltd and ARM Germany GmbH. All rights reserved.
License Information: UWB UWB, UWB, LIC=----
 
Tool Versions:
Toolchain:       MDK-Lite  Version: 5.26.2.0
Toolchain Path:  C:\Program Files\Keil\ARM\ARMCLANG\Bin
C Compiler:      ArmClang.exe V6.10.1
Assembler:       Armasm.exe V6.10.1
Linker/Locator:  ArmLink.exe V6.10.1
Library Manager: ArmAr.exe V6.10.1
Hex Converter:   FromElf.exe V6.10.1
CPU DLL:         SARMCM3.DLL V5.26.2.0
Dialog DLL:      DCM.DLL V1.17.2.0
Target DLL:      UL2CM3.DLL V1.161.6.0
Dialog DLL:      TCM.DLL V1.36.1.0
 
<h2>Project:</h2>
C:\Users\akuroda\Desktop\Part4\part-4\Final3.uvprojx
Project File Date:  11/13/2023

<h2>Output:</h2>
*** Using Compiler 'V6.10.1', folder: 'C:\Program Files\Keil\ARM\ARMCLANG\Bin'
Rebuild target 'Target 1'
assembling stdlib.s...
assembling startup_TM4C129.s...
assembling heap.s...
heap.s(445): warning: A1581W: Added 2 bytes of padding at address 0x1f6
assembling svc.s...
svc.s(86): warning: A1581W: Added 2 bytes of padding at address 0x52
compiling system_TM4C129.c...
compiling driver_keil.c...
linking...
Program Size: Code=1560 RO-data=512 RW-data=4 ZI-data=24576  
".\Objects\Final3.axf" - 0 Error(s), 2 Warning(s).

<h2>Software Packages used:</h2>

Package Vendor: ARM
                http://www.keil.com/pack/ARM.CMSIS.5.8.0.pack
                ARM.CMSIS.5.8.0
                CMSIS (Common Microcontroller Software Interface Standard)
   * Component: CORE Version: 5.5.0

Package Vendor: Keil
                http://www.keil.com/pack/Keil.TM4C_DFP.1.1.0.pack
                Keil.TM4C_DFP.1.1.0
                Texas Instruments Tiva C Series Device Support and Examples
   * Component: Startup Version: 1.0.0

<h2>Collection of Component include folders:</h2>
  .\RTE\_Target_1
  C:\Program Files\Keil\ARM\PACK\ARM\CMSIS\5.8.0\CMSIS\Core\Include
  C:\Program Files\Keil\ARM\PACK\Keil\TM4C_DFP\1.1.0\Device\Include\TM4C129

<h2>Collection of Component Files used:</h2>

   * Component: ARM::CMSIS:CORE:5.5.0

   * Component: Keil::Device:Startup:1.0.0
      Include file:  Device\Include\TM4C129\TM4C129.h
      Source file:   Device\Source\system_TM4C129.c
      Source file:   Device\Source\ARM\startup_TM4C129.s
Build Time Elapsed:  00:00:01
</pre>
</body>
</html>
